// Jest Snapshot v1, https://goo.gl/fbAQLP

exports[`index test suite index should match the snapshot 1`] = `
Object {
  "conference": Object {
    "attachMediaStreamToHTMLVideoElement": [Function],
    "switchToListener": [Function],
    "switchToUser": [Function],
  },
  "spatialAudio": Object {
    "createPrivateZone": [Function],
    "deletePrivateZone": [Function],
    "privateZones": Map {},
    "setSpatialEnvironment": [Function],
    "setSpatialPosition": [Function],
    "updatePrivateZone": [Function],
  },
}
`;
